<?xml version="1.0" encoding="utf-8"?><testsuites name="pytest tests"><testsuite name="pytest" errors="0" failures="0" skipped="0" tests="20" time="9.093" timestamp="2025-07-16T19:47:05.584453-04:00" hostname="Charlies-Mac-mini.local"><testcase classname="tests.unit.core.test_config.TestEnvironmentConfiguration" name="test_cached_settings" time="0.268" /><testcase classname="tests.unit.core.test_config.TestEnvironmentConfiguration" name="test_provider_flags_auto_disable_with_stubs" time="0.270" /><testcase classname="tests.unit.core.test_config.TestEnvironmentConfiguration" name="test_default_settings" time="0.264" /><testcase classname="tests.unit.core.test_config.TestEnvironmentConfiguration" name="test_wave_b_feature_flags_default_false" time="0.290" /><testcase classname="tests.unit.core.test_config.TestEnvironmentConfiguration" name="test_environment_specific_stub_url" time="0.008" /><testcase classname="tests.unit.core.test_config.TestEnvironmentConfiguration" name="test_secret_str_fields" time="0.298" /><testcase classname="tests.unit.core.test_config.TestEnvironmentConfiguration" name="test_test_environment_forces_stubs" time="0.319" /><testcase classname="tests.unit.core.test_config.TestEnvironmentConfiguration" name="test_get_api_key_with_stubs" time="0.025" /><testcase classname="tests.unit.core.test_config.TestEnvironmentConfiguration" name="test_ci_environment_forces_stubs" time="0.018" /><testcase classname="tests.unit.core.test_config.TestEnvironmentConfiguration" name="test_production_rejects_stubs" time="0.076" /><testcase classname="tests.unit.core.test_production_validation" name="test_production_rejects_stubs" time="0.473" /><testcase classname="tests.unit.core.test_config.TestEnvironmentConfiguration" name="test_provider_flags_respect_values_without_stubs" time="0.118" /><testcase classname="tests.unit.core.test_config.TestEnvironmentConfiguration" name="test_api_key_validation_when_providers_enabled" time="0.747" /><testcase classname="tests.unit.core.test_config.TestEnvironmentConfiguration" name="test_api_keys_not_required_with_stubs" time="0.015" /><testcase classname="tests.unit.core.test_config.TestEnvironmentConfiguration" name="test_get_api_key_without_stubs" time="0.774" /><testcase classname="tests.unit.core.test_config.TestEnvironmentConfiguration" name="test_api_base_urls_with_stubs" time="0.787" /><testcase classname="tests.unit.core.test_config.TestEnvironmentConfiguration" name="test_environment_validation" time="0.803" /><testcase classname="tests.unit.core.test_config.TestEnvironmentConfiguration" name="test_get_api_key_missing_raises_error" time="0.171" /><testcase classname="tests.unit.core.test_config.TestEnvironmentConfiguration" name="test_api_base_urls_without_stubs" time="0.062" /><testcase classname="tests.unit.core.test_config.TestEnvironmentConfiguration" name="test_model_dump_masks_secrets" time="0.028" /></testsuite></testsuites>